../Core/Src/main.c:73:5:__io_putchar	16	static
../Core/Src/main.c:90:5:main	48	static
../Core/Src/main.c:205:6:SystemClock_Config	96	static
../Core/Src/main.c:266:13:MX_ADC1_Init	48	static
../Core/Src/main.c:346:13:MX_COMP1_Init	8	static
../Core/Src/main.c:380:13:MX_DAC1_Init	48	static
../Core/Src/main.c:423:13:MX_USART2_UART_Init	8	static
../Core/Src/main.c:456:13:MX_DMA_Init	16	static
../Core/Src/main.c:474:13:MX_GPIO_Init	40	static
../Core/Src/main.c:507:6:Error_Handler	4	static,ignoring_inline_asm
